[INFO] [launch]: All log files can be found below /home/yuhui/.ros/log/2026-08-22-21-55-05-534491-yuhui-Lenovo-Legion-R7000P2021-54080
[INFO] [launch]: Default logging verbosity is set to INFO
[INFO] [static_transform_publisher-1]: process started with pid [54081]
[INFO] [cloud_workspace_node-2]: process started with pid [54083]
[INFO] [pcl_obstacle_node-3]: process started with pid [54085]
[INFO] [bev_node-4]: process started with pid [54087]
[INFO] [yolo_3d_node-5]: process started with pid [54089]
[static_transform_publisher-1] [INFO] [1787406905.594623164] [base_to_camera_link]: Spinning until stopped - publishing transform
[static_transform_publisher-1] translation: ('0.000000', '0.000000', '1.500000')
[static_transform_publisher-1] rotation: ('0.000000', '0.000000', '0.000000', '1.000000')
[static_transform_publisher-1] from 'base_link' to 'camera_link'
[bev_node-4] [INFO] [1787406905.597100571] [bev_node]: bev_node grid 100x100 res=0.050
[cloud_workspace_node-2] [INFO] [1787406905.606710423] [cloud_workspace_node]: cloud_workspace_node depth=/camera/depth/image_raw info=/camera/color/camera_info -> /perception/cloud_workspace (base_link)
[pcl_obstacle_node-3] [INFO] [1787406905.623486177] [pcl_obstacle_node]: pcl_obstacle_node cloud=/perception/cloud_workspace frame=base_link (ground/cluster)
[yolo_3d_node-5] [WARN] [1787406905.658990555] [yolo_3d_node]: YOLO model not loaded (path=''). Node will skip detection until model is available.
[pcl_obstacle_node-3] [WARN] [1787406943.213327714] [pcl_obstacle_node]: Too few near-ground points (26); fallback to height split
[pcl_obstacle_node-3] [WARN] [1787406946.224412155] [pcl_obstacle_node]: Too few near-ground points (0); fallback to height split
[pcl_obstacle_node-3] [WARN] [1787406954.358839524] [pcl_obstacle_node]: Too few near-ground points (26); fallback to height split
[pcl_obstacle_node-3] [WARN] [1787406957.364882260] [pcl_obstacle_node]: Too few near-ground points (0); fallback to height split
[pcl_obstacle_node-3] [WARN] [1787406960.367935193] [pcl_obstacle_node]: Too few near-ground points (0); fallback to height split
[pcl_obstacle_node-3] [WARN] [1787406965.839920602] [pcl_obstacle_node]: Too few near-ground points (2); fallback to height split
[pcl_obstacle_node-3] [WARN] [1787406968.844773931] [pcl_obstacle_node]: Too few near-ground points (2); fallback to height split
[pcl_obstacle_node-3] [WARN] [1787406972.989857737] [pcl_obstacle_node]: Too few near-ground points (0); fallback to height split
[yolo_3d_node-5] [WARN] [1787406972.998980963] []: Messages of type 0 arrived out of order (will print only once)
[pcl_obstacle_node-3] [WARN] [1787406976.013710482] [pcl_obstacle_node]: Too few near-ground points (0); fallback to height split
[pcl_obstacle_node-3] [WARN] [1787406979.024506600] [pcl_obstacle_node]: Too few near-ground points (0); fallback to height split
[pcl_obstacle_node-3] [WARN] [1787406982.027707766] [pcl_obstacle_node]: Too few near-ground points (0); fallback to height split
[pcl_obstacle_node-3] [WARN] [1787406985.028430478] [pcl_obstacle_node]: Too few near-ground points (0); fallback to height split
[pcl_obstacle_node-3] [WARN] [1787406988.768732616] [pcl_obstacle_node]: Too few near-ground points (7); fallback to height split
[pcl_obstacle_node-3] [WARN] [1787406992.229238365] [pcl_obstacle_node]: Too few near-ground points (23); fallback to height split
[pcl_obstacle_node-3] [WARN] [1787406995.235315023] [pcl_obstacle_node]: Too few near-ground points (0); fallback to height split
[pcl_obstacle_node-3] [WARN] [1787406999.203740146] [pcl_obstacle_node]: Too few near-ground points (4); fallback to height split
[pcl_obstacle_node-3] [WARN] [1787407005.077287477] [pcl_obstacle_node]: Too few near-ground points (28); fallback to height split
[pcl_obstacle_node-3] [WARN] [1787407058.907512344] [pcl_obstacle_node]: Too few near-ground points (26); fallback to height split
[pcl_obstacle_node-3] [WARN] [1787407061.919193946] [pcl_obstacle_node]: Too few near-ground points (0); fallback to height split
[pcl_obstacle_node-3] [WARN] [1787407070.053497750] [pcl_obstacle_node]: Too few near-ground points (26); fallback to height split
[pcl_obstacle_node-3] [WARN] [1787407073.058700494] [pcl_obstacle_node]: Too few near-ground points (0); fallback to height split
[pcl_obstacle_node-3] [WARN] [1787407076.061134408] [pcl_obstacle_node]: Too few near-ground points (0); fallback to height split
[pcl_obstacle_node-3] [WARN] [1787407081.533973096] [pcl_obstacle_node]: Too few near-ground points (2); fallback to height split
[pcl_obstacle_node-3] [WARN] [1787407084.538676188] [pcl_obstacle_node]: Too few near-ground points (2); fallback to height split
[pcl_obstacle_node-3] [WARN] [1787407088.678355375] [pcl_obstacle_node]: Too few near-ground points (0); fallback to height split
[pcl_obstacle_node-3] [WARN] [1787407091.700148872] [pcl_obstacle_node]: Too few near-ground points (0); fallback to height split
[pcl_obstacle_node-3] [WARN] [1787407094.712404393] [pcl_obstacle_node]: Too few near-ground points (0); fallback to height split
[pcl_obstacle_node-3] [WARN] [1787407097.715263167] [pcl_obstacle_node]: Too few near-ground points (0); fallback to height split
[pcl_obstacle_node-3] [WARN] [1787407100.719116081] [pcl_obstacle_node]: Too few near-ground points (0); fallback to height split
[pcl_obstacle_node-3] [WARN] [1787407104.456852429] [pcl_obstacle_node]: Too few near-ground points (7); fallback to height split
[pcl_obstacle_node-3] [WARN] [1787407107.916883444] [pcl_obstacle_node]: Too few near-ground points (23); fallback to height split
[pcl_obstacle_node-3] [WARN] [1787407110.923821668] [pcl_obstacle_node]: Too few near-ground points (0); fallback to height split
[pcl_obstacle_node-3] [WARN] [1787407114.891486404] [pcl_obstacle_node]: Too few near-ground points (4); fallback to height split
[pcl_obstacle_node-3] [WARN] [1787407120.765422205] [pcl_obstacle_node]: Too few near-ground points (28); fallback to height split
[pcl_obstacle_node-3] [WARN] [1787407174.596170568] [pcl_obstacle_node]: Too few near-ground points (26); fallback to height split
[pcl_obstacle_node-3] [WARN] [1787407177.606706780] [pcl_obstacle_node]: Too few near-ground points (0); fallback to height split
[pcl_obstacle_node-3] [WARN] [1787407185.740376789] [pcl_obstacle_node]: Too few near-ground points (26); fallback to height split
[pcl_obstacle_node-3] [WARN] [1787407188.747277533] [pcl_obstacle_node]: Too few near-ground points (0); fallback to height split
[pcl_obstacle_node-3] [WARN] [1787407191.749122144] [pcl_obstacle_node]: Too few near-ground points (0); fallback to height split
[pcl_obstacle_node-3] [WARN] [1787407197.223340918] [pcl_obstacle_node]: Too few near-ground points (2); fallback to height split
[pcl_obstacle_node-3] [WARN] [1787407200.226971269] [pcl_obstacle_node]: Too few near-ground points (2); fallback to height split
[pcl_obstacle_node-3] [WARN] [1787407204.376955625] [pcl_obstacle_node]: Too few near-ground points (0); fallback to height split
[pcl_obstacle_node-3] [WARN] [1787407207.400398558] [pcl_obstacle_node]: Too few near-ground points (0); fallback to height split
[pcl_obstacle_node-3] [WARN] [1787407210.411558184] [pcl_obstacle_node]: Too few near-ground points (0); fallback to height split
[pcl_obstacle_node-3] [WARN] [1787407213.415279073] [pcl_obstacle_node]: Too few near-ground points (0); fallback to height split
[pcl_obstacle_node-3] [WARN] [1787407216.415283180] [pcl_obstacle_node]: Too few near-ground points (0); fallback to height split
[pcl_obstacle_node-3] [WARN] [1787407220.156188445] [pcl_obstacle_node]: Too few near-ground points (7); fallback to height split
[pcl_obstacle_node-3] [WARN] [1787407223.615895470] [pcl_obstacle_node]: Too few near-ground points (23); fallback to height split
[pcl_obstacle_node-3] [WARN] [1787407226.621588947] [pcl_obstacle_node]: Too few near-ground points (0); fallback to height split
[pcl_obstacle_node-3] [WARN] [1787407230.590533426] [pcl_obstacle_node]: Too few near-ground points (4); fallback to height split
[pcl_obstacle_node-3] [WARN] [1787407236.464266412] [pcl_obstacle_node]: Too few near-ground points (28); fallback to height split
[pcl_obstacle_node-3] [WARN] [1787407290.294390613] [pcl_obstacle_node]: Too few near-ground points (26); fallback to height split
[pcl_obstacle_node-3] [WARN] [1787407293.305334674] [pcl_obstacle_node]: Too few near-ground points (0); fallback to height split
[pcl_obstacle_node-3] [WARN] [1787407301.440883845] [pcl_obstacle_node]: Too few near-ground points (26); fallback to height split
[pcl_obstacle_node-3] [WARN] [1787407304.446136188] [pcl_obstacle_node]: Too few near-ground points (0); fallback to height split
[pcl_obstacle_node-3] [WARN] [1787407307.448895663] [pcl_obstacle_node]: Too few near-ground points (0); fallback to height split
[pcl_obstacle_node-3] [WARN] [1787407312.921101629] [pcl_obstacle_node]: Too few near-ground points (2); fallback to height split
[pcl_obstacle_node-3] [WARN] [1787407315.925716416] [pcl_obstacle_node]: Too few near-ground points (2); fallback to height split
[pcl_obstacle_node-3] [WARN] [1787407320.068326922] [pcl_obstacle_node]: Too few near-ground points (0); fallback to height split
[pcl_obstacle_node-3] [WARN] [1787407323.090572104] [pcl_obstacle_node]: Too few near-ground points (0); fallback to height split
[pcl_obstacle_node-3] [WARN] [1787407326.102454752] [pcl_obstacle_node]: Too few near-ground points (0); fallback to height split
[pcl_obstacle_node-3] [WARN] [1787407329.105422259] [pcl_obstacle_node]: Too few near-ground points (0); fallback to height split
[pcl_obstacle_node-3] [WARN] [1787407332.108498614] [pcl_obstacle_node]: Too few near-ground points (0); fallback to height split
[pcl_obstacle_node-3] [WARN] [1787407335.847613405] [pcl_obstacle_node]: Too few near-ground points (7); fallback to height split
[pcl_obstacle_node-3] [WARN] [1787407339.306845395] [pcl_obstacle_node]: Too few near-ground points (23); fallback to height split
[pcl_obstacle_node-3] [WARN] [1787407342.312574920] [pcl_obstacle_node]: Too few near-ground points (0); fallback to height split
[pcl_obstacle_node-3] [WARN] [1787407346.281958414] [pcl_obstacle_node]: Too few near-ground points (4); fallback to height split
[pcl_obstacle_node-3] [WARN] [1787407352.155467365] [pcl_obstacle_node]: Too few near-ground points (28); fallback to height split
[pcl_obstacle_node-3] [WARN] [1787407405.985247069] [pcl_obstacle_node]: Too few near-ground points (26); fallback to height split
[pcl_obstacle_node-3] [WARN] [1787407408.998407232] [pcl_obstacle_node]: Too few near-ground points (0); fallback to height split
[pcl_obstacle_node-3] [WARN] [1787407417.130659893] [pcl_obstacle_node]: Too few near-ground points (26); fallback to height split
[pcl_obstacle_node-3] [WARN] [1787407420.138159094] [pcl_obstacle_node]: Too few near-ground points (0); fallback to height split
[pcl_obstacle_node-3] [WARN] [1787407423.139484578] [pcl_obstacle_node]: Too few near-ground points (0); fallback to height split
[pcl_obstacle_node-3] [WARN] [1787407428.612334818] [pcl_obstacle_node]: Too few near-ground points (2); fallback to height split
[pcl_obstacle_node-3] [WARN] [1787407431.618447399] [pcl_obstacle_node]: Too few near-ground points (2); fallback to height split
[pcl_obstacle_node-3] [WARN] [1787407435.757418118] [pcl_obstacle_node]: Too few near-ground points (0); fallback to height split
[pcl_obstacle_node-3] [WARN] [1787407438.779623429] [pcl_obstacle_node]: Too few near-ground points (0); fallback to height split
[pcl_obstacle_node-3] [WARN] [1787407441.792347819] [pcl_obstacle_node]: Too few near-ground points (0); fallback to height split
[pcl_obstacle_node-3] [WARN] [1787407444.794755950] [pcl_obstacle_node]: Too few near-ground points (0); fallback to height split
[pcl_obstacle_node-3] [WARN] [1787407447.795543183] [pcl_obstacle_node]: Too few near-ground points (0); fallback to height split
[pcl_obstacle_node-3] [WARN] [1787407451.536405396] [pcl_obstacle_node]: Too few near-ground points (7); fallback to height split
[pcl_obstacle_node-3] [WARN] [1787407454.996930080] [pcl_obstacle_node]: Too few near-ground points (23); fallback to height split
[pcl_obstacle_node-3] [WARN] [1787407458.001564685] [pcl_obstacle_node]: Too few near-ground points (0); fallback to height split
[pcl_obstacle_node-3] [WARN] [1787407461.971015305] [pcl_obstacle_node]: Too few near-ground points (4); fallback to height split
[pcl_obstacle_node-3] [WARN] [1787407467.845698899] [pcl_obstacle_node]: Too few near-ground points (28); fallback to height split
[pcl_obstacle_node-3] [WARN] [1787407521.674775017] [pcl_obstacle_node]: Too few near-ground points (26); fallback to height split
[pcl_obstacle_node-3] [WARN] [1787407524.686100559] [pcl_obstacle_node]: Too few near-ground points (0); fallback to height split
[pcl_obstacle_node-3] [WARN] [1787407532.820009412] [pcl_obstacle_node]: Too few near-ground points (26); fallback to height split
[pcl_obstacle_node-3] [WARN] [1787407535.826268165] [pcl_obstacle_node]: Too few near-ground points (0); fallback to height split
[pcl_obstacle_node-3] [WARN] [1787407538.828765862] [pcl_obstacle_node]: Too few near-ground points (0); fallback to height split
[pcl_obstacle_node-3] [WARN] [1787407544.301562670] [pcl_obstacle_node]: Too few near-ground points (2); fallback to height split
[pcl_obstacle_node-3] [WARN] [1787407547.306262359] [pcl_obstacle_node]: Too few near-ground points (2); fallback to height split
[pcl_obstacle_node-3] [WARN] [1787407551.449265034] [pcl_obstacle_node]: Too few near-ground points (0); fallback to height split
[pcl_obstacle_node-3] [WARN] [1787407554.474251497] [pcl_obstacle_node]: Too few near-ground points (0); fallback to height split
[pcl_obstacle_node-3] [WARN] [1787407557.485217738] [pcl_obstacle_node]: Too few near-ground points (0); fallback to height split
[pcl_obstacle_node-3] [WARN] [1787407560.489122288] [pcl_obstacle_node]: Too few near-ground points (0); fallback to height split
[pcl_obstacle_node-3] [WARN] [1787407563.517699591] [pcl_obstacle_node]: Too few near-ground points (0); fallback to height split
[pcl_obstacle_node-3] [WARN] [1787407567.229372365] [pcl_obstacle_node]: Too few near-ground points (7); fallback to height split
[pcl_obstacle_node-3] [WARN] [1787407570.689388261] [pcl_obstacle_node]: Too few near-ground points (23); fallback to height split
[pcl_obstacle_node-3] [WARN] [1787407573.694415679] [pcl_obstacle_node]: Too few near-ground points (0); fallback to height split
[pcl_obstacle_node-3] [WARN] [1787407577.664143094] [pcl_obstacle_node]: Too few near-ground points (4); fallback to height split
[pcl_obstacle_node-3] [WARN] [1787407583.537763127] [pcl_obstacle_node]: Too few near-ground points (28); fallback to height split
[pcl_obstacle_node-3] [WARN] [1787407637.367788378] [pcl_obstacle_node]: Too few near-ground points (26); fallback to height split
[pcl_obstacle_node-3] [WARN] [1787407640.378887844] [pcl_obstacle_node]: Too few near-ground points (0); fallback to height split
[pcl_obstacle_node-3] [WARN] [1787407648.512769214] [pcl_obstacle_node]: Too few near-ground points (26); fallback to height split
[pcl_obstacle_node-3] [WARN] [1787407651.518815570] [pcl_obstacle_node]: Too few near-ground points (0); fallback to height split
[pcl_obstacle_node-3] [WARN] [1787407654.521661320] [pcl_obstacle_node]: Too few near-ground points (0); fallback to height split
[pcl_obstacle_node-3] [WARN] [1787407659.994743260] [pcl_obstacle_node]: Too few near-ground points (2); fallback to height split
[pcl_obstacle_node-3] [WARN] [1787407662.999786292] [pcl_obstacle_node]: Too few near-ground points (2); fallback to height split
[pcl_obstacle_node-3] [WARN] [1787407667.145929087] [pcl_obstacle_node]: Too few near-ground points (0); fallback to height split
[pcl_obstacle_node-3] [WARN] [1787407670.169299635] [pcl_obstacle_node]: Too few near-ground points (0); fallback to height split
[pcl_obstacle_node-3] [WARN] [1787407673.182212819] [pcl_obstacle_node]: Too few near-ground points (0); fallback to height split
[pcl_obstacle_node-3] [WARN] [1787407676.184548785] [pcl_obstacle_node]: Too few near-ground points (0); fallback to height split
[pcl_obstacle_node-3] [WARN] [1787407679.186409196] [pcl_obstacle_node]: Too few near-ground points (0); fallback to height split
[pcl_obstacle_node-3] [WARN] [1787407682.925824348] [pcl_obstacle_node]: Too few near-ground points (7); fallback to height split
[pcl_obstacle_node-3] [WARN] [1787407686.386246703] [pcl_obstacle_node]: Too few near-ground points (23); fallback to height split
[pcl_obstacle_node-3] [WARN] [1787407689.392160424] [pcl_obstacle_node]: Too few near-ground points (0); fallback to height split
[pcl_obstacle_node-3] [WARN] [1787407693.360745028] [pcl_obstacle_node]: Too few near-ground points (4); fallback to height split
[pcl_obstacle_node-3] [WARN] [1787407699.234618895] [pcl_obstacle_node]: Too few near-ground points (28); fallback to height split
[pcl_obstacle_node-3] [WARN] [1787407753.065381163] [pcl_obstacle_node]: Too few near-ground points (26); fallback to height split
[pcl_obstacle_node-3] [WARN] [1787407756.077176501] [pcl_obstacle_node]: Too few near-ground points (0); fallback to height split
[pcl_obstacle_node-3] [WARN] [1787407764.209265536] [pcl_obstacle_node]: Too few near-ground points (26); fallback to height split
[pcl_obstacle_node-3] [WARN] [1787407767.215725751] [pcl_obstacle_node]: Too few near-ground points (0); fallback to height split
[pcl_obstacle_node-3] [WARN] [1787407770.218272595] [pcl_obstacle_node]: Too few near-ground points (0); fallback to height split
[pcl_obstacle_node-3] [WARN] [1787407775.691108670] [pcl_obstacle_node]: Too few near-ground points (2); fallback to height split
[pcl_obstacle_node-3] [WARN] [1787407778.697379304] [pcl_obstacle_node]: Too few near-ground points (2); fallback to height split
[pcl_obstacle_node-3] [WARN] [1787407782.814463848] [pcl_obstacle_node]: Too few near-ground points (0); fallback to height split
[pcl_obstacle_node-3] [WARN] [1787407785.837595074] [pcl_obstacle_node]: Too few near-ground points (0); fallback to height split
[pcl_obstacle_node-3] [WARN] [1787407788.848465654] [pcl_obstacle_node]: Too few near-ground points (0); fallback to height split
[pcl_obstacle_node-3] [WARN] [1787407791.852440702] [pcl_obstacle_node]: Too few near-ground points (0); fallback to height split
[pcl_obstacle_node-3] [WARN] [1787407794.882149332] [pcl_obstacle_node]: Too few near-ground points (0); fallback to height split
[pcl_obstacle_node-3] [WARN] [1787407798.593313254] [pcl_obstacle_node]: Too few near-ground points (7); fallback to height split
[pcl_obstacle_node-3] [WARN] [1787407802.053132525] [pcl_obstacle_node]: Too few near-ground points (23); fallback to height split
[pcl_obstacle_node-3] [WARN] [1787407805.058508878] [pcl_obstacle_node]: Too few near-ground points (0); fallback to height split
[pcl_obstacle_node-3] [WARN] [1787407809.027786604] [pcl_obstacle_node]: Too few near-ground points (4); fallback to height split
[pcl_obstacle_node-3] [WARN] [1787407814.901302531] [pcl_obstacle_node]: Too few near-ground points (28); fallback to height split
[pcl_obstacle_node-3] [WARN] [1787407868.730923282] [pcl_obstacle_node]: Too few near-ground points (26); fallback to height split
[pcl_obstacle_node-3] [WARN] [1787407871.742913831] [pcl_obstacle_node]: Too few near-ground points (0); fallback to height split
[pcl_obstacle_node-3] [WARN] [1787407879.877743314] [pcl_obstacle_node]: Too few near-ground points (26); fallback to height split
[pcl_obstacle_node-3] [WARN] [1787407882.883970493] [pcl_obstacle_node]: Too few near-ground points (0); fallback to height split
[pcl_obstacle_node-3] [WARN] [1787407885.884844531] [pcl_obstacle_node]: Too few near-ground points (0); fallback to height split
[pcl_obstacle_node-3] [WARN] [1787407891.358389696] [pcl_obstacle_node]: Too few near-ground points (2); fallback to height split
[pcl_obstacle_node-3] [WARN] [1787407894.363564641] [pcl_obstacle_node]: Too few near-ground points (2); fallback to height split
[pcl_obstacle_node-3] [WARN] [1787407898.502071411] [pcl_obstacle_node]: Too few near-ground points (0); fallback to height split
[pcl_obstacle_node-3] [WARN] [1787407901.524399250] [pcl_obstacle_node]: Too few near-ground points (0); fallback to height split
[pcl_obstacle_node-3] [WARN] [1787407904.537296173] [pcl_obstacle_node]: Too few near-ground points (0); fallback to height split
[pcl_obstacle_node-3] [WARN] [1787407907.539785502] [pcl_obstacle_node]: Too few near-ground points (0); fallback to height split
[pcl_obstacle_node-3] [WARN] [1787407910.540802151] [pcl_obstacle_node]: Too few near-ground points (0); fallback to height split
[pcl_obstacle_node-3] [WARN] [1787407914.281376923] [pcl_obstacle_node]: Too few near-ground points (7); fallback to height split
[pcl_obstacle_node-3] [WARN] [1787407917.741185897] [pcl_obstacle_node]: Too few near-ground points (23); fallback to height split
[pcl_obstacle_node-3] [WARN] [1787407920.747809818] [pcl_obstacle_node]: Too few near-ground points (0); fallback to height split
[pcl_obstacle_node-3] [WARN] [1787407924.716013899] [pcl_obstacle_node]: Too few near-ground points (4); fallback to height split
[pcl_obstacle_node-3] [WARN] [1787407930.590340704] [pcl_obstacle_node]: Too few near-ground points (28); fallback to height split
[pcl_obstacle_node-3] [WARN] [1787407984.419603751] [pcl_obstacle_node]: Too few near-ground points (26); fallback to height split
[pcl_obstacle_node-3] [WARN] [1787407987.431966102] [pcl_obstacle_node]: Too few near-ground points (0); fallback to height split
[pcl_obstacle_node-3] [WARN] [1787407995.565072101] [pcl_obstacle_node]: Too few near-ground points (26); fallback to height split
[pcl_obstacle_node-3] [WARN] [1787407998.571065505] [pcl_obstacle_node]: Too few near-ground points (0); fallback to height split
[pcl_obstacle_node-3] [WARN] [1787408001.574330138] [pcl_obstacle_node]: Too few near-ground points (0); fallback to height split
[pcl_obstacle_node-3] [WARN] [1787408007.046311691] [pcl_obstacle_node]: Too few near-ground points (2); fallback to height split
[pcl_obstacle_node-3] [WARN] [1787408010.051040483] [pcl_obstacle_node]: Too few near-ground points (2); fallback to height split
[pcl_obstacle_node-3] [WARN] [1787408014.191319463] [pcl_obstacle_node]: Too few near-ground points (0); fallback to height split
[pcl_obstacle_node-3] [WARN] [1787408017.213545248] [pcl_obstacle_node]: Too few near-ground points (0); fallback to height split
[pcl_obstacle_node-3] [WARN] [1787408020.225096643] [pcl_obstacle_node]: Too few near-ground points (0); fallback to height split
[pcl_obstacle_node-3] [WARN] [1787408023.228075234] [pcl_obstacle_node]: Too few near-ground points (0); fallback to height split
[pcl_obstacle_node-3] [WARN] [1787408026.229125940] [pcl_obstacle_node]: Too few near-ground points (0); fallback to height split
[pcl_obstacle_node-3] [WARN] [1787408029.969660980] [pcl_obstacle_node]: Too few near-ground points (7); fallback to height split
[pcl_obstacle_node-3] [WARN] [1787408033.429974715] [pcl_obstacle_node]: Too few near-ground points (23); fallback to height split
[pcl_obstacle_node-3] [WARN] [1787408036.434936951] [pcl_obstacle_node]: Too few near-ground points (0); fallback to height split
[pcl_obstacle_node-3] [WARN] [1787408040.404992796] [pcl_obstacle_node]: Too few near-ground points (4); fallback to height split
[pcl_obstacle_node-3] [WARN] [1787408046.279374862] [pcl_obstacle_node]: Too few near-ground points (28); fallback to height split
[pcl_obstacle_node-3] [WARN] [1787408100.107679706] [pcl_obstacle_node]: Too few near-ground points (26); fallback to height split
[pcl_obstacle_node-3] [WARN] [1787408103.119301122] [pcl_obstacle_node]: Too few near-ground points (0); fallback to height split
[pcl_obstacle_node-3] [WARN] [1787408111.252966770] [pcl_obstacle_node]: Too few near-ground points (26); fallback to height split
[pcl_obstacle_node-3] [WARN] [1787408114.259497182] [pcl_obstacle_node]: Too few near-ground points (0); fallback to height split
[pcl_obstacle_node-3] [WARN] [1787408117.263356190] [pcl_obstacle_node]: Too few near-ground points (0); fallback to height split
[pcl_obstacle_node-3] [WARN] [1787408122.735035028] [pcl_obstacle_node]: Too few near-ground points (2); fallback to height split
[pcl_obstacle_node-3] [WARN] [1787408125.740730315] [pcl_obstacle_node]: Too few near-ground points (2); fallback to height split
[pcl_obstacle_node-3] [WARN] [1787408129.886344413] [pcl_obstacle_node]: Too few near-ground points (0); fallback to height split
[pcl_obstacle_node-3] [WARN] [1787408132.907815928] [pcl_obstacle_node]: Too few near-ground points (0); fallback to height split
[pcl_obstacle_node-3] [WARN] [1787408135.920354036] [pcl_obstacle_node]: Too few near-ground points (0); fallback to height split
[pcl_obstacle_node-3] [WARN] [1787408138.923977930] [pcl_obstacle_node]: Too few near-ground points (0); fallback to height split
[pcl_obstacle_node-3] [WARN] [1787408141.925368036] [pcl_obstacle_node]: Too few near-ground points (0); fallback to height split
[pcl_obstacle_node-3] [WARN] [1787408145.664558064] [pcl_obstacle_node]: Too few near-ground points (7); fallback to height split
[pcl_obstacle_node-3] [WARN] [1787408149.126033080] [pcl_obstacle_node]: Too few near-ground points (23); fallback to height split
[pcl_obstacle_node-3] [WARN] [1787408152.129727335] [pcl_obstacle_node]: Too few near-ground points (0); fallback to height split
[pcl_obstacle_node-3] [WARN] [1787408156.099740539] [pcl_obstacle_node]: Too few near-ground points (4); fallback to height split
[pcl_obstacle_node-3] [WARN] [1787408161.973009371] [pcl_obstacle_node]: Too few near-ground points (28); fallback to height split
[pcl_obstacle_node-3] [WARN] [1787408215.803012807] [pcl_obstacle_node]: Too few near-ground points (26); fallback to height split
[pcl_obstacle_node-3] [WARN] [1787408218.814359317] [pcl_obstacle_node]: Too few near-ground points (0); fallback to height split
[pcl_obstacle_node-3] [WARN] [1787408226.948556656] [pcl_obstacle_node]: Too few near-ground points (26); fallback to height split
[pcl_obstacle_node-3] [WARN] [1787408229.955118281] [pcl_obstacle_node]: Too few near-ground points (0); fallback to height split
[pcl_obstacle_node-3] [WARN] [1787408232.956677378] [pcl_obstacle_node]: Too few near-ground points (0); fallback to height split
[pcl_obstacle_node-3] [WARN] [1787408238.429508444] [pcl_obstacle_node]: Too few near-ground points (2); fallback to height split
[pcl_obstacle_node-3] [WARN] [1787408241.434388560] [pcl_obstacle_node]: Too few near-ground points (2); fallback to height split
[pcl_obstacle_node-3] [WARN] [1787408245.575852361] [pcl_obstacle_node]: Too few near-ground points (0); fallback to height split
[pcl_obstacle_node-3] [WARN] [1787408248.598659143] [pcl_obstacle_node]: Too few near-ground points (0); fallback to height split
[pcl_obstacle_node-3] [WARN] [1787408251.611024377] [pcl_obstacle_node]: Too few near-ground points (0); fallback to height split
[pcl_obstacle_node-3] [WARN] [1787408254.613569474] [pcl_obstacle_node]: Too few near-ground points (0); fallback to height split
[pcl_obstacle_node-3] [WARN] [1787408257.614422499] [pcl_obstacle_node]: Too few near-ground points (0); fallback to height split
[pcl_obstacle_node-3] [WARN] [1787408261.354863028] [pcl_obstacle_node]: Too few near-ground points (7); fallback to height split
[pcl_obstacle_node-3] [WARN] [1787408264.815003824] [pcl_obstacle_node]: Too few near-ground points (23); fallback to height split
[pcl_obstacle_node-3] [WARN] [1787408267.820728374] [pcl_obstacle_node]: Too few near-ground points (0); fallback to height split
[pcl_obstacle_node-3] [WARN] [1787408271.790023225] [pcl_obstacle_node]: Too few near-ground points (4); fallback to height split
[pcl_obstacle_node-3] [WARN] [1787408277.663552557] [pcl_obstacle_node]: Too few near-ground points (28); fallback to height split
[pcl_obstacle_node-3] [WARN] [1787408331.493444026] [pcl_obstacle_node]: Too few near-ground points (26); fallback to height split
[pcl_obstacle_node-3] [WARN] [1787408334.506105625] [pcl_obstacle_node]: Too few near-ground points (0); fallback to height split
[pcl_obstacle_node-3] [WARN] [1787408342.638202785] [pcl_obstacle_node]: Too few near-ground points (26); fallback to height split
[pcl_obstacle_node-3] [WARN] [1787408345.645916764] [pcl_obstacle_node]: Too few near-ground points (0); fallback to height split
[pcl_obstacle_node-3] [WARN] [1787408348.648834715] [pcl_obstacle_node]: Too few near-ground points (0); fallback to height split
[pcl_obstacle_node-3] [WARN] [1787408354.120376387] [pcl_obstacle_node]: Too few near-ground points (2); fallback to height split
[pcl_obstacle_node-3] [WARN] [1787408357.125037506] [pcl_obstacle_node]: Too few near-ground points (2); fallback to height split
[pcl_obstacle_node-3] [WARN] [1787408361.264834994] [pcl_obstacle_node]: Too few near-ground points (0); fallback to height split
[pcl_obstacle_node-3] [WARN] [1787408364.288286949] [pcl_obstacle_node]: Too few near-ground points (0); fallback to height split
[pcl_obstacle_node-3] [WARN] [1787408367.302625853] [pcl_obstacle_node]: Too few near-ground points (0); fallback to height split
[pcl_obstacle_node-3] [WARN] [1787408370.303668510] [pcl_obstacle_node]: Too few near-ground points (0); fallback to height split
[pcl_obstacle_node-3] [WARN] [1787408373.304282799] [pcl_obstacle_node]: Too few near-ground points (0); fallback to height split
[pcl_obstacle_node-3] [WARN] [1787408377.044921201] [pcl_obstacle_node]: Too few near-ground points (7); fallback to height split
[pcl_obstacle_node-3] [WARN] [1787408380.505679699] [pcl_obstacle_node]: Too few near-ground points (23); fallback to height split
[pcl_obstacle_node-3] [WARN] [1787408383.510899538] [pcl_obstacle_node]: Too few near-ground points (0); fallback to height split
[pcl_obstacle_node-3] [WARN] [1787408387.479782642] [pcl_obstacle_node]: Too few near-ground points (4); fallback to height split
[pcl_obstacle_node-3] [WARN] [1787408393.355057030] [pcl_obstacle_node]: Too few near-ground points (28); fallback to height split
[pcl_obstacle_node-3] [WARN] [1787408447.182969026] [pcl_obstacle_node]: Too few near-ground points (26); fallback to height split
[pcl_obstacle_node-3] [WARN] [1787408450.194481506] [pcl_obstacle_node]: Too few near-ground points (0); fallback to height split
[pcl_obstacle_node-3] [WARN] [1787408458.328564895] [pcl_obstacle_node]: Too few near-ground points (26); fallback to height split
[pcl_obstacle_node-3] [WARN] [1787408461.334853808] [pcl_obstacle_node]: Too few near-ground points (0); fallback to height split
[pcl_obstacle_node-3] [WARN] [1787408464.337126908] [pcl_obstacle_node]: Too few near-ground points (0); fallback to height split
[pcl_obstacle_node-3] [WARN] [1787408469.810229017] [pcl_obstacle_node]: Too few near-ground points (2); fallback to height split
[pcl_obstacle_node-3] [WARN] [1787408472.816183740] [pcl_obstacle_node]: Too few near-ground points (2); fallback to height split
[pcl_obstacle_node-3] [WARN] [1787408476.978726098] [pcl_obstacle_node]: Too few near-ground points (0); fallback to height split
[pcl_obstacle_node-3] [WARN] [1787408480.001880941] [pcl_obstacle_node]: Too few near-ground points (0); fallback to height split
[pcl_obstacle_node-3] [WARN] [1787408483.013251770] [pcl_obstacle_node]: Too few near-ground points (0); fallback to height split
[pcl_obstacle_node-3] [WARN] [1787408486.016111077] [pcl_obstacle_node]: Too few near-ground points (0); fallback to height split
[pcl_obstacle_node-3] [WARN] [1787408489.017023832] [pcl_obstacle_node]: Too few near-ground points (0); fallback to height split
[pcl_obstacle_node-3] [WARN] [1787408492.757627026] [pcl_obstacle_node]: Too few near-ground points (7); fallback to height split
[pcl_obstacle_node-3] [WARN] [1787408496.217898461] [pcl_obstacle_node]: Too few near-ground points (23); fallback to height split
[pcl_obstacle_node-3] [WARN] [1787408499.222961067] [pcl_obstacle_node]: Too few near-ground points (0); fallback to height split
[pcl_obstacle_node-3] [WARN] [1787408503.192303975] [pcl_obstacle_node]: Too few near-ground points (4); fallback to height split
[pcl_obstacle_node-3] [WARN] [1787408509.067515081] [pcl_obstacle_node]: Too few near-ground points (28); fallback to height split
[pcl_obstacle_node-3] [WARN] [1787408562.895862759] [pcl_obstacle_node]: Too few near-ground points (26); fallback to height split
[pcl_obstacle_node-3] [WARN] [1787408565.907422271] [pcl_obstacle_node]: Too few near-ground points (0); fallback to height split
[pcl_obstacle_node-3] [WARN] [1787408574.041498152] [pcl_obstacle_node]: Too few near-ground points (26); fallback to height split
[pcl_obstacle_node-3] [WARN] [1787408577.047514403] [pcl_obstacle_node]: Too few near-ground points (0); fallback to height split
[pcl_obstacle_node-3] [WARN] [1787408580.049773113] [pcl_obstacle_node]: Too few near-ground points (0); fallback to height split
[pcl_obstacle_node-3] [WARN] [1787408585.522618977] [pcl_obstacle_node]: Too few near-ground points (2); fallback to height split
[pcl_obstacle_node-3] [WARN] [1787408588.527558904] [pcl_obstacle_node]: Too few near-ground points (2); fallback to height split
[pcl_obstacle_node-3] [WARN] [1787408592.670387638] [pcl_obstacle_node]: Too few near-ground points (0); fallback to height split
[pcl_obstacle_node-3] [WARN] [1787408595.693346899] [pcl_obstacle_node]: Too few near-ground points (0); fallback to height split
[pcl_obstacle_node-3] [WARN] [1787408598.704795320] [pcl_obstacle_node]: Too few near-ground points (0); fallback to height split
[pcl_obstacle_node-3] [WARN] [1787408601.707439987] [pcl_obstacle_node]: Too few near-ground points (0); fallback to height split
[pcl_obstacle_node-3] [WARN] [1787408604.708774723] [pcl_obstacle_node]: Too few near-ground points (0); fallback to height split
[pcl_obstacle_node-3] [WARN] [1787408608.449279196] [pcl_obstacle_node]: Too few near-ground points (7); fallback to height split
[pcl_obstacle_node-3] [WARN] [1787408611.910166238] [pcl_obstacle_node]: Too few near-ground points (23); fallback to height split
[pcl_obstacle_node-3] [WARN] [1787408614.915436081] [pcl_obstacle_node]: Too few near-ground points (0); fallback to height split
[pcl_obstacle_node-3] [WARN] [1787408618.884284610] [pcl_obstacle_node]: Too few near-ground points (4); fallback to height split
[pcl_obstacle_node-3] [WARN] [1787408624.757374250] [pcl_obstacle_node]: Too few near-ground points (28); fallback to height split
[pcl_obstacle_node-3] [WARN] [1787408678.587596946] [pcl_obstacle_node]: Too few near-ground points (26); fallback to height split
[pcl_obstacle_node-3] [WARN] [1787408681.599045049] [pcl_obstacle_node]: Too few near-ground points (0); fallback to height split
[pcl_obstacle_node-3] [WARN] [1787408689.732605107] [pcl_obstacle_node]: Too few near-ground points (26); fallback to height split
[pcl_obstacle_node-3] [WARN] [1787408692.740183810] [pcl_obstacle_node]: Too few near-ground points (0); fallback to height split
[pcl_obstacle_node-3] [WARN] [1787408695.741204735] [pcl_obstacle_node]: Too few near-ground points (0); fallback to height split
[pcl_obstacle_node-3] [WARN] [1787408701.214043163] [pcl_obstacle_node]: Too few near-ground points (2); fallback to height split
[pcl_obstacle_node-3] [WARN] [1787408704.219917053] [pcl_obstacle_node]: Too few near-ground points (2); fallback to height split
[pcl_obstacle_node-3] [WARN] [1787408708.368070895] [pcl_obstacle_node]: Too few near-ground points (0); fallback to height split
[pcl_obstacle_node-3] [WARN] [1787408711.390429595] [pcl_obstacle_node]: Too few near-ground points (0); fallback to height split
[pcl_obstacle_node-3] [WARN] [1787408714.402625732] [pcl_obstacle_node]: Too few near-ground points (0); fallback to height split
[pcl_obstacle_node-3] [WARN] [1787408717.405118505] [pcl_obstacle_node]: Too few near-ground points (0); fallback to height split
[pcl_obstacle_node-3] [WARN] [1787408720.406501281] [pcl_obstacle_node]: Too few near-ground points (0); fallback to height split
[pcl_obstacle_node-3] [WARN] [1787408724.146601920] [pcl_obstacle_node]: Too few near-ground points (7); fallback to height split
[pcl_obstacle_node-3] [WARN] [1787408727.606636919] [pcl_obstacle_node]: Too few near-ground points (23); fallback to height split
[pcl_obstacle_node-3] [WARN] [1787408730.611761286] [pcl_obstacle_node]: Too few near-ground points (0); fallback to height split
[pcl_obstacle_node-3] [WARN] [1787408734.581304663] [pcl_obstacle_node]: Too few near-ground points (4); fallback to height split
[pcl_obstacle_node-3] [WARN] [1787408740.456417414] [pcl_obstacle_node]: Too few near-ground points (28); fallback to height split
[pcl_obstacle_node-3] [WARN] [1787408794.284909913] [pcl_obstacle_node]: Too few near-ground points (26); fallback to height split
[pcl_obstacle_node-3] [WARN] [1787408797.296422949] [pcl_obstacle_node]: Too few near-ground points (0); fallback to height split
[pcl_obstacle_node-3] [WARN] [1787408805.430164928] [pcl_obstacle_node]: Too few near-ground points (26); fallback to height split
[pcl_obstacle_node-3] [WARN] [1787408808.436592276] [pcl_obstacle_node]: Too few near-ground points (0); fallback to height split
[pcl_obstacle_node-3] [WARN] [1787408811.439145186] [pcl_obstacle_node]: Too few near-ground points (0); fallback to height split
[pcl_obstacle_node-3] [WARN] [1787408816.911891670] [pcl_obstacle_node]: Too few near-ground points (2); fallback to height split
[pcl_obstacle_node-3] [WARN] [1787408819.917200804] [pcl_obstacle_node]: Too few near-ground points (2); fallback to height split
[pcl_obstacle_node-3] [WARN] [1787408824.058489224] [pcl_obstacle_node]: Too few near-ground points (0); fallback to height split
[pcl_obstacle_node-3] [WARN] [1787408827.082762359] [pcl_obstacle_node]: Too few near-ground points (0); fallback to height split
[pcl_obstacle_node-3] [WARN] [1787408830.095069244] [pcl_obstacle_node]: Too few near-ground points (0); fallback to height split
[pcl_obstacle_node-3] [WARN] [1787408833.097893079] [pcl_obstacle_node]: Too few near-ground points (0); fallback to height split
[pcl_obstacle_node-3] [WARN] [1787408836.127381930] [pcl_obstacle_node]: Too few near-ground points (0); fallback to height split
[pcl_obstacle_node-3] [WARN] [1787408839.838468378] [pcl_obstacle_node]: Too few near-ground points (7); fallback to height split
[pcl_obstacle_node-3] [WARN] [1787408843.298957742] [pcl_obstacle_node]: Too few near-ground points (23); fallback to height split
[pcl_obstacle_node-3] [WARN] [1787408846.303769229] [pcl_obstacle_node]: Too few near-ground points (0); fallback to height split
[pcl_obstacle_node-3] [WARN] [1787408850.273774493] [pcl_obstacle_node]: Too few near-ground points (4); fallback to height split
[pcl_obstacle_node-3] [WARN] [1787408856.146769018] [pcl_obstacle_node]: Too few near-ground points (28); fallback to height split
[pcl_obstacle_node-3] [WARN] [1787408909.977001426] [pcl_obstacle_node]: Too few near-ground points (26); fallback to height split
[pcl_obstacle_node-3] [WARN] [1787408912.988490068] [pcl_obstacle_node]: Too few near-ground points (0); fallback to height split
[pcl_obstacle_node-3] [WARN] [1787408921.123207150] [pcl_obstacle_node]: Too few near-ground points (26); fallback to height split
[pcl_obstacle_node-3] [WARN] [1787408924.128918864] [pcl_obstacle_node]: Too few near-ground points (0); fallback to height split
[pcl_obstacle_node-3] [WARN] [1787408927.130615410] [pcl_obstacle_node]: Too few near-ground points (0); fallback to height split
[pcl_obstacle_node-3] [WARN] [1787408932.603531996] [pcl_obstacle_node]: Too few near-ground points (2); fallback to height split
[pcl_obstacle_node-3] [WARN] [1787408935.608760275] [pcl_obstacle_node]: Too few near-ground points (2); fallback to height split
[pcl_obstacle_node-3] [WARN] [1787408939.776861316] [pcl_obstacle_node]: Too few near-ground points (0); fallback to height split
[pcl_obstacle_node-3] [WARN] [1787408942.798937820] [pcl_obstacle_node]: Too few near-ground points (0); fallback to height split
[pcl_obstacle_node-3] [WARN] [1787408945.810998373] [pcl_obstacle_node]: Too few near-ground points (0); fallback to height split
[pcl_obstacle_node-3] [WARN] [1787408948.814714417] [pcl_obstacle_node]: Too few near-ground points (0); fallback to height split
[pcl_obstacle_node-3] [WARN] [1787408951.814983720] [pcl_obstacle_node]: Too few near-ground points (0); fallback to height split
[pcl_obstacle_node-3] [WARN] [1787408955.555731607] [pcl_obstacle_node]: Too few near-ground points (7); fallback to height split
[pcl_obstacle_node-3] [WARN] [1787408959.015750721] [pcl_obstacle_node]: Too few near-ground points (23); fallback to height split
[pcl_obstacle_node-3] [WARN] [1787408962.052988374] [pcl_obstacle_node]: Too few near-ground points (0); fallback to height split
[pcl_obstacle_node-3] [WARN] [1787408965.990359426] [pcl_obstacle_node]: Too few near-ground points (4); fallback to height split
[pcl_obstacle_node-3] [WARN] [1787408971.863874279] [pcl_obstacle_node]: Too few near-ground points (28); fallback to height split
[pcl_obstacle_node-3] [WARN] [1787409025.693755556] [pcl_obstacle_node]: Too few near-ground points (26); fallback to height split
[pcl_obstacle_node-3] [WARN] [1787409028.705320260] [pcl_obstacle_node]: Too few near-ground points (0); fallback to height split
[pcl_obstacle_node-3] [WARN] [1787409036.840226757] [pcl_obstacle_node]: Too few near-ground points (26); fallback to height split
[pcl_obstacle_node-3] [WARN] [1787409039.846352102] [pcl_obstacle_node]: Too few near-ground points (0); fallback to height split
[pcl_obstacle_node-3] [WARN] [1787409042.848010628] [pcl_obstacle_node]: Too few near-ground points (0); fallback to height split
[pcl_obstacle_node-3] [WARN] [1787409048.320568522] [pcl_obstacle_node]: Too few near-ground points (2); fallback to height split
[pcl_obstacle_node-3] [WARN] [1787409051.325560035] [pcl_obstacle_node]: Too few near-ground points (2); fallback to height split
[pcl_obstacle_node-3] [WARN] [1787409055.472420341] [pcl_obstacle_node]: Too few near-ground points (0); fallback to height split
[pcl_obstacle_node-3] [WARN] [1787409058.494582681] [pcl_obstacle_node]: Too few near-ground points (0); fallback to height split
[pcl_obstacle_node-3] [WARN] [1787409061.508532173] [pcl_obstacle_node]: Too few near-ground points (0); fallback to height split
[pcl_obstacle_node-3] [WARN] [1787409064.509706551] [pcl_obstacle_node]: Too few near-ground points (0); fallback to height split
[pcl_obstacle_node-3] [WARN] [1787409067.511158159] [pcl_obstacle_node]: Too few near-ground points (0); fallback to height split
[pcl_obstacle_node-3] [WARN] [1787409071.251021311] [pcl_obstacle_node]: Too few near-ground points (7); fallback to height split
[pcl_obstacle_node-3] [WARN] [1787409074.711417137] [pcl_obstacle_node]: Too few near-ground points (23); fallback to height split
[pcl_obstacle_node-3] [WARN] [1787409077.716406650] [pcl_obstacle_node]: Too few near-ground points (0); fallback to height split
[pcl_obstacle_node-3] [WARN] [1787409081.686117750] [pcl_obstacle_node]: Too few near-ground points (4); fallback to height split
[pcl_obstacle_node-3] [WARN] [1787409087.560503043] [pcl_obstacle_node]: Too few near-ground points (28); fallback to height split
[pcl_obstacle_node-3] [WARN] [1787409141.389329038] [pcl_obstacle_node]: Too few near-ground points (26); fallback to height split
[pcl_obstacle_node-3] [WARN] [1787409144.400767968] [pcl_obstacle_node]: Too few near-ground points (0); fallback to height split
[pcl_obstacle_node-3] [WARN] [1787409152.535256806] [pcl_obstacle_node]: Too few near-ground points (26); fallback to height split
[pcl_obstacle_node-3] [WARN] [1787409155.540742963] [pcl_obstacle_node]: Too few near-ground points (0); fallback to height split
[pcl_obstacle_node-3] [WARN] [1787409158.543643024] [pcl_obstacle_node]: Too few near-ground points (0); fallback to height split
[pcl_obstacle_node-3] [WARN] [1787409164.016388234] [pcl_obstacle_node]: Too few near-ground points (2); fallback to height split
[pcl_obstacle_node-3] [WARN] [1787409167.022590667] [pcl_obstacle_node]: Too few near-ground points (2); fallback to height split
[pcl_obstacle_node-3] [WARN] [1787409171.167072510] [pcl_obstacle_node]: Too few near-ground points (0); fallback to height split
[pcl_obstacle_node-3] [WARN] [1787409174.190540427] [pcl_obstacle_node]: Too few near-ground points (0); fallback to height split
[pcl_obstacle_node-3] [WARN] [1787409177.201643283] [pcl_obstacle_node]: Too few near-ground points (0); fallback to height split
[pcl_obstacle_node-3] [WARN] [1787409180.205455357] [pcl_obstacle_node]: Too few near-ground points (0); fallback to height split
[pcl_obstacle_node-3] [WARN] [1787409183.205918097] [pcl_obstacle_node]: Too few near-ground points (0); fallback to height split
[pcl_obstacle_node-3] [WARN] [1787409186.946245703] [pcl_obstacle_node]: Too few near-ground points (7); fallback to height split
[pcl_obstacle_node-3] [WARN] [1787409190.406338328] [pcl_obstacle_node]: Too few near-ground points (23); fallback to height split
[pcl_obstacle_node-3] [WARN] [1787409193.412545375] [pcl_obstacle_node]: Too few near-ground points (0); fallback to height split
[pcl_obstacle_node-3] [WARN] [1787409197.381156135] [pcl_obstacle_node]: Too few near-ground points (4); fallback to height split
[pcl_obstacle_node-3] [WARN] [1787409203.254430188] [pcl_obstacle_node]: Too few near-ground points (28); fallback to height split
